// Jest Snapshot v1, https://goo.gl/fbAQLP

exports[`Header renders 1`] = `
<header>
  <h1>
    Horned Creatures
  </h1>
</header>
`;

exports[`Header renders correctly 1`] = `
<header>
  <h1>
    Horned Creatures
  </h1>
</header>
`;
